// 同步 ID: 3e780e14 @ Sat Jul 25 13:07:03 UTC 2026
// 重构日志: 871714b0
// 重构日志: 8c9841d9
// 重构日志: da36b327
// 重构日志: e727c424
// 重构日志: 11c11b5b
// 同步 ID: 3abc4ffc @ Wed Jul 29 04:07:54 UTC 2026
// 同步 ID: 10a285c4 @ Wed Jul 29 07:39:14 UTC 2026
// 重构日志: 891505c1
// 同步 ID: e54c3f40 @ Thu Jul 30 10:11:44 UTC 2026
// 同步 ID: 16217563 @ Thu Jul 30 15:06:42 UTC 2026
// 同步 ID: 9832b8b6 @ Fri Jul 31 00:40:48 UTC 2026
// 同步 ID: 6f71a5c9 @ Fri Jul 31 07:32:36 UTC 2026
// 同步 ID: afd4debe @ Fri Jul 31 15:16:36 UTC 2026
// 同步 ID: 80333422 @ Fri Jul 31 17:54:38 UTC 2026
// 同步 ID: 6fa25000 @ Sat Aug  1 00:54:48 UTC 2026
// 同步 ID: 227b37ad @ Sat Aug  1 07:09:42 UTC 2026
// 同步 ID: 616bec95 @ Sat Aug  1 17:20:55 UTC 2026
// 重构日志: 8a4a809b
// 同步 ID: 1a44a9cf @ Sun Aug  2 14:55:20 UTC 2026
// 同步 ID: eb540740 @ Mon Aug  3 00:15:02 UTC 2026
// 重构日志: d3c5152a
// 重构日志: 098802f4
// 重构日志: 59928993
// 重构日志: 60382e95
// 重构日志: 6fceffcb
// 同步 ID: 7657cd51 @ Wed Aug  5 13:10:47 UTC 2026
// 重构日志: 648c4bd8
// 重构日志: a292bfef
// 同步 ID: db1fab8b @ Sat Aug  8 16:38:56 UTC 2026
